{ 
  "@context" : "http://localhost/flood-monitoring/doc/context-TBD.jsonld" ,
  "meta" : { 
    "publisher" : "Epimorphics.com" ,
    "licence" : "http://www.nationalarchives.gov.uk/doc/open-government-licence/version/3/" ,
    "documentation" : "http://localhost/flood-monitoring/doc/api-documentation.html" ,
    "version" : "0.1" ,
    "comment" : "WARNING: Pre-alpha test service, data may not be up to date" ,
    "hasFormat" : [ "http://localhost/flood-monitoring/basetest/list.csv?group=B&_limit=2&_sort=label", "http://localhost/flood-monitoring/basetest/list.rdf?group=B&_limit=2&_sort=label", "http://localhost/flood-monitoring/basetest/list.ttl?group=B&_limit=2&_sort=label" ] ,
    "limit" : 2
  }
   ,
  "items" : [ { 
    "@id" : "http://localhost/example/B1" ,
    "group" : "B" ,
    "label" : "B1" ,
    "narrower" : { 
      "@id" : "http://localhost/example/A1" ,
      "group" : "A" ,
      "label" : "A1" ,
      "notation" : 1
    }
     ,
    "notation" : 1
  }
  , { 
    "@id" : "http://localhost/example/B2" ,
    "group" : "B" ,
    "label" : "B2" ,
    "narrower" : { 
      "@id" : "http://localhost/example/A2" ,
      "group" : "A" ,
      "label" : "A2" ,
      "notation" : 2
    }
     ,
    "notation" : 2
  }
   ]
}
