@id,label,notation
http://localhost/example/multiA1,"a1|A,1",11
