@id,label,notation
http://localhost/example/multiA1,"A,1|a1",11
