{ 
  "@id" : "http://localhost/example/reg1" ,
  "localAuthorityURI" : {
      "@id" : "http://localhost/example/la1" ,
      "localAuthority" : "Shire"
    } ,
  "permissionNumber" : "123" ,
  "registrationTypeURI" : {
      "@id" : "http://localhost/example/pt1" ,
      "registrationType" : "test"
    } ,
  "site" : {
      "@id" : "http://localhost/example/site1" ,
      "siteAddress" : {
          "@id" : "http://localhost/example/siteAddress1" ,
          "address" : "Hobbit Hole, Somewhere"
        }
    } ,
  "type" : {"@id" : "http://environment.data.gov.uk/public-register/def/registration/Permit" }
}
