@id,label,notation,group,narrower,label,notation,group
http://localhost/example/A1,A1,1,A,http://localhost/example/B1,B1,1,B
http://localhost/example/A2,A2,2,A,http://localhost/example/B2,B2,2,B
