@id,label,notation,group,label,notation,group
http://localhost/example/A1,A1,1,A,B1,1,B
http://localhost/example/A2,A2,2,A,B2,2,B
