{ 
  "type" : "FeatureCollection" ,
  "features" : [ { 
    "type" : "Feature" ,
    "geometry" : {"type": "LineString", "coordinates": [[100.0, 0.0],[102.0, 1.0],[104.0, 0.0]]} ,
    "properties" : { 
      "@id" : "http://localhost/exampleGeo/A" ,
      "label" : "A" ,
      "nested" : { 
        "label" : "A nested"
      }
       ,
      "notation" : 1
    }
  }
  , { 
    "type" : "Feature" ,
    "geometry" : {"type": "LineString", "coordinates": [[104.0, 0.0],[102.0, -1.0],[100.0, 0.0]]} ,
    "properties" : { 
      "@id" : "http://localhost/exampleGeo/B" ,
      "label" : "B" ,
      "nested" : { 
        "label" : "B nested"
      }
       ,
      "notation" : 1
    }
  }
   ]
}

