Test template
uri = http://localhost/flood-monitoring/basetest/list
_sort = @id
baseURI = http://localhost:8070/
Resource: http://localhost/example/A1
  label:    A1
  notation: 1
  group:    A
  child:    http://localhost/example/B1 B1
Resource: http://localhost/example/A2
  label:    A2
  notation: 2
  group:    A
  child:    http://localhost/example/B2 B2
