{ 
  "@context" : "http://localhost/flood-monitoring/doc/context-TBD.jsonld" ,
  "meta" : { 
    "publisher" : "Epimorphics.com" ,
    "licence" : "http://www.nationalarchives.gov.uk/doc/open-government-licence/version/3/" ,
    "documentation" : "http://localhost/flood-monitoring/doc/api-documentation.html" ,
    "version" : "0.1" ,
    "comment" : "WARNING: Pre-alpha test service, data may not be up to date" ,
    "hasFormat" : [ "http://localhost/flood-monitoring/default/test4/B.csv", "http://localhost/flood-monitoring/default/test4/B.rdf", "http://localhost/flood-monitoring/default/test4/B.ttl" ]
  }
   ,
  "items" : [ { 
    "@id" : "http://localhost/example/B1" ,
    "group" : "B" ,
    "label" : "B1" ,
    "notation" : 1
  }
   ]
}
